Microchip MPLAB XC8 Compiler V2.46

Linker command line:

-W-3 \
  --edf=C:\Program Files\Microchip\xc8\v2.46\pic\dat\20240104201356_en.msgs \
  -cn -h+dist/default/debug\UltimaVersion.X.debug.sym \
  --cmf=dist/default/debug\UltimaVersion.X.debug.cmf -z -Q12F629 \
  -oC:\Users\Usuario\AppData\Local\Temp\xcAs6js.\driver_tmp_3.o \
  --defsym=__MPLAB_BUILD=1 --fixupoverflow=error \
  -Mdist/default/debug/UltimaVersion.X.debug.map \
  --md=C:\Users\Usuario\AppData\Local\Temp\xcAs6js.\driver_tmp_0.dat -E1 \
  -ver=XC8 Compiler --acfsm=1493 -ACODE=00h-03FEh -ASTRCODE=00h-03FEh \
  -ASTRING=00h-0FFhx3,0300h-03FEh -ACONST=00h-0FFhx3,0300h-03FEh \
  -AENTRY=00h-0FFhx3,0300h-03FEh -ABANK0=020h-05Dh -ARAM=020h-05Dh \
  -AABS1=020h-05Fh -ACOMMON=05Eh-05Fh -ASFR0=00h-01Fh -ASFR1=080h-0DDh \
  -ACONFIG=02007h-02007h -DCONFIG=2 -AIDLOC=02000h-02003h -DIDLOC=2 \
  -AEEDATA=00h-07Fh/02100h -peeprom_data=EEDATA -DEEDATA=2 -DCODE=2 \
  -DSTRCODE=2 -DSTRING=2 -DCONST=2 -DENTRY=2 \
  -preset_vec=00h,intentry=04h,sivt,init,end_init -ppowerup=CODE \
  -pcinit=CODE -pfunctab=ENTRY -posccal=03FFh -k \
  C:\Users\Usuario\AppData\Local\Temp\xcAs6js.\driver_tmp_12.o \
  dist/default/debug\UltimaVersion.X.debug.o 

Object code version is 3.11

Machine type is 12F629



                Name                               Link     Load   Length Selector   Space Scale
C:\Users\Usuario\AppData\Local\Temp\xcAs6js.\driver_tmp_12.o
                end_init                              F        F        1        8       0
                reset_vec                             0        0        1        0       0
                config                             2007     2007        1        0       4
dist/default/debug\UltimaVersion.X.debug.o
                cinit                                10       10        C        8       0
                intentry                              4        4        B        8       0
                config                             2007     2007        1        0       4
                text7                                1C       1C       74        8       0
                text6                               131      131       34        8       0
                text5                               1C4      1C4        D        8       0
                text4                                90       90       60        8       0
                text3                               1AC      1AC       18        8       0
                text2                               165      165       29        8       0
                text1                               18E      18E       1E        8       0
                maintext                             F0       F0       41        8       0
                cstackBANK0                          29       29        7       20       1
                bssBANK0                             20       20        9       20       1

TOTAL           Name                               Link     Load   Length     Space
        CLASS   CODE           
                end_init                              F        F        1         0
                cinit                                10       10        C         0
                intentry                              4        4        B         0
                reset_vec                             0        0        1         0
                text7                                1C       1C       74         0
                text6                               131      131       34         0
                text5                               1C4      1C4        D         0
                text4                                90       90       60         0
                text3                               1AC      1AC       18         0
                text2                               165      165       29         0
                text1                               18E      18E       1E         0
                maintext                             F0       F0       41         0

        CLASS   STRCODE        

        CLASS   STRING         

        CLASS   CONST          

        CLASS   ENTRY          

        CLASS   BANK0          
                cstackBANK0                          29       29        7         1
                bssBANK0                             20       20        9         1

        CLASS   RAM            

        CLASS   ABS1           
                abs_s1                               5E       5E        2         1

        CLASS   COMMON         

        CLASS   SFR0           

        CLASS   SFR1           

        CLASS   CONFIG         
                config                             2007     2007        1         4

        CLASS   IDLOC          

        CLASS   EEDATA         

        CLASS   BANK1          

        CLASS   HEAP           

        CLASS   STACK          



SEGMENTS        Name                           Load    Length   Top    Selector   Space  Class     Delta

                reset_vec                      000000  000001  000001         0       0  CODE        2
                intentry                       000004  0001CD  0001D1         8       0  CODE        2
                bssBANK0                       000020  000010  000030        20       1  BANK0       1


UNUSED ADDRESS RANGES

        Name                Unused          Largest block    Delta
        BANK0            0030-005D             2E           1
        CODE             0001-0003              3           2
                         01D1-03FE            22E
        CONST            0001-0003              3           2
                         01D1-03FE            100
        EEDATA           2100-217F             80           2
        ENTRY            0001-0003              3           2
                         01D1-03FE            100
        IDLOC            2000-2003              4           2
        RAM              0030-005D             2E           1
        SFR0             0000-001F             20           1
        SFR1             0080-00DD             5E           1
        STRCODE          0001-0003              3           2
                         01D1-03FE            22E
        STRING           0001-0003              3           2
                         01D1-03FE            100

                                  Symbol Table

ISR@contador             bssBANK0     0025
_GIE                     (abs)        005F
_GPIE                    (abs)        005B
_GPIF                    (abs)        0058
_GPIO                    (abs)        0005
_GPIO1                   (abs)        0029
_GPIO2                   (abs)        002A
_GPIO3                   (abs)        002B
_GPIO4                   (abs)        002C
_GPIO5                   (abs)        002D
_INTE                    (abs)        005C
_INTEDG                  (abs)        040E
_INTF                    (abs)        0059
_IOC0                    (abs)        04B0
_IOC1                    (abs)        04B1
_IOC2                    (abs)        04B2
_IOC3                    (abs)        04B3
_IOC4                    (abs)        04B4
_IOC5                    (abs)        04B5
_ISR                     text2        0165
_PEIE                    (abs)        005E
_PS0                     (abs)        0408
_PS1                     (abs)        0409
_PS2                     (abs)        040A
_PSA                     (abs)        040B
_T0CS                    (abs)        040D
_T0IE                    (abs)        005D
_T0IF                    (abs)        005A
_TMR0                    (abs)        0001
_TRISIO                  (abs)        0085
_TX_frec                 text6        0131
__H__absolute__          __absolute__ 0000
__Habs1                  abs1         07FE
__Hbank0                 bank0        07FE
__Hbank1                 bank1        07FE
__HbssBANK0              bssBANK0     07FE
__Hcinit                 cinit        001C
__Hclrtext               clrtext      07FE
__Hcode                  code         07FE
__Hcommon                common       07FE
__Hconfig                config       2008
__HcstackBANK0           cstackBANK0  07FE
__HcstackCOMMON          cstackCOMMON 07FE
__Heeprom_data           eeprom_data  0000
__Hend_init              end_init     0010
__Hfunctab               functab      0000
__Hheap                  heap         07FE
__Hinit                  init         000F
__Hintentry              intentry     000F
__Hmaintext              maintext     07FE
__Hosccal                osccal       03FF
__Hpowerup               powerup      0000
__Hram                   ram          07FE
__Hreset_vec             reset_vec    0001
__Hsfr0                  sfr0         07FE
__Hsfr1                  sfr1         07FE
__Hsivt                  sivt         000F
__Hspace_0               (abs)        07FE
__Hspace_1               (abs)        07FE
__Hspace_2               (abs)        07FE
__Hspace_3               (abs)        0000
__Hspace_4               (abs)        400F
__Hstack                 stack        07FE
__Hstrings               strings      07FE
__Htext                  text         07FE
__L__absolute__          __absolute__ 0000
__Labs1                  abs1         07FE
__Lbank0                 bank0        07FE
__Lbank1                 bank1        07FE
__LbssBANK0              bssBANK0     07FE
__Lcinit                 cinit        0010
__Lclrtext               clrtext      07FE
__Lcode                  code         07FE
__Lcommon                common       07FE
__Lconfig                config       0000
__LcstackBANK0           cstackBANK0  07FE
__LcstackCOMMON          cstackCOMMON 07FE
__Leeprom_data           eeprom_data  0000
__Lend_init              end_init     000F
__Lfunctab               functab      0000
__Lheap                  heap         07FE
__Linit                  init         000F
__Lintentry              intentry     0004
__Lmaintext              maintext     07FE
__Losccal                osccal       03FF
__Lpowerup               powerup      0000
__Lram                   ram          07FE
__Lreset_vec             reset_vec    0000
__Lsfr0                  sfr0         07FE
__Lsfr1                  sfr1         07FE
__Lsivt                  sivt         000F
__Lspace_0               (abs)        0000
__Lspace_1               (abs)        0000
__Lspace_2               (abs)        0000
__Lspace_3               (abs)        0000
__Lspace_4               (abs)        0000
__Lstack                 stack        07FE
__Lstrings               strings      07FE
__Ltext                  text         07FE
__S0                     (abs)        01D1
__S1                     (abs)        0030
__S3                     (abs)        0000
___heap_hi               (abs)        0000
___heap_lo               (abs)        0000
___int_sp                stack        07FE
___int_stack_hi          stack        07FE
___int_stack_lo          stack        07FE
___latbits               (abs)        0000
___osccal_val            osccal       03FF
___sp                    stack        07FE
___stack_hi              stack        07FE
___stack_lo              stack        07FE
___stackhi               (abs)        0000
___stacklo               (abs)        0000
__end_of_ISR             text2        018E
__end_of_TX_frec         text6        0165
__end_of__initialization cinit        001A
__end_of_blink           text5        01D1
__end_of_button          text4        00F0
__end_of_init            text1        01AC
__end_of_main            maintext     0131
__end_of_one_minute      text3        01C4
__end_of_send            text7        0090
__initialization         cinit        0010
__pbssBANK0              bssBANK0     0020
__pcstackBANK0           cstackBANK0  0029
__pcstackCOMMON          cstackCOMMON 0000
__pintentry              intentry     0004
__pmaintext              maintext     00F0
__ptext1                 text1        018E
__ptext2                 text2        0165
__ptext3                 text3        01AC
__ptext4                 text4        0090
__ptext5                 text5        01C4
__ptext6                 text6        0131
__ptext7                 text7        001C
_blink                   text5        01C4
_button                  text4        0090
_dato                    bssBANK0     0026
_datosend                bssBANK0     0027
_init                    text1        018E
_main                    maintext     00F0
_one_minute              text3        01AC
_send                    text7        001C
_state                   bssBANK0     0028
blink@sp                 bssBANK0     0024
btemp                    (abs)        005E
button@count             bssBANK0     0022
end_of_initialization    cinit        001A
interrupt_function       intentry     0004
intlevel0                functab      0000
intlevel1                functab      0000
intlevel2                functab      0000
intlevel3                functab      0000
intlevel4                functab      0000
intlevel5                functab      0000
one_minute@count         bssBANK0     0020
reset_vec                reset_vec    0000
saved_w                  (abs)        005E
send@ch                  cstackBANK0  002A
start                    init         000F
start_initialization     cinit        0010
wtemp0                   (abs)        005E


MODULE INFORMATION

Module		Function		Class		Link	Load	Size
uart.c
		_TX_frec       		CODE           	0131	0000	52
		_send          		CODE           	001C	0000	116

uart.c estimated size: 168

shared
		__initialization		CODE           	0010	0000	10

shared estimated size: 10

main.c
		_ISR           		CODE           	0165	0000	41
		_main          		CODE           	00F0	0000	65

main.c estimated size: 106

funtions.c
		_init          		CODE           	018E	0000	30
		_button        		CODE           	0090	0000	96
		_one_minute    		CODE           	01AC	0000	24
		_blink         		CODE           	01C4	0000	13

funtions.c estimated size: 163

